// 重构日志: 73713914
// 重构日志: b8d80463
// 重构日志: 3b8bf261
// 同步 ID: 90318d56 @ Fri Jul 17 07:02:21 UTC 2026
// 重构日志: c57b65b9
// 同步 ID: 22694c93 @ Fri Jul 17 12:13:33 UTC 2026
// 同步 ID: fb459e17 @ Fri Jul 17 22:37:08 UTC 2026
// 重构日志: c935a731
// 重构日志: aca2a7d0
// 重构日志: 07910f4b
// 重构日志: 941df514
// 重构日志: 005d0890
// 同步 ID: 2aaf51e4 @ Sun Jul 19 12:14:29 UTC 2026
// 同步 ID: 244b56ce @ Mon Jul 20 14:15:03 UTC 2026
// 重构日志: 6f92b2e9
// 同步 ID: cd8e3dc2 @ Tue Jul 21 09:55:15 UTC 2026
// 重构日志: 258fd4dd
// 重构日志: c036ccd2
// 同步 ID: 978cdf24 @ Wed Jul 22 00:11:11 UTC 2026
// 重构日志: 502bf3de
// 重构日志: aaed482f
// 同步 ID: fce35cd0 @ Wed Jul 22 17:44:56 UTC 2026
// 重构日志: 415f3324
// 同步 ID: bf9623aa @ Fri Jul 24 10:20:02 UTC 2026
// 同步 ID: bf3af06c @ Fri Jul 24 14:34:01 UTC 2026
// 同步 ID: 210a83c1 @ Sun Jul 26 01:15:40 UTC 2026
// 同步 ID: 3bc29a13 @ Sun Jul 26 10:10:58 UTC 2026
// 重构日志: 817ee565
// 同步 ID: 63aa96c8 @ Tue Jul 28 16:56:50 UTC 2026
// 同步 ID: 0801325f @ Thu Jul 30 12:09:04 UTC 2026
// 重构日志: dbd28046
// 重构日志: 86d31bf5
